============================= test session starts ==============================
collecting ... collected 0 items / 1 error

!!!!!!!!!!!!!!!!!!!!!!!!!! stopping after 1 failures !!!!!!!!!!!!!!!!!!!!!!!!!!!
=============================== 1 error in 0.23s ===============================
